2026-09-29 20:40:54,152 [INFO] =================================================================
2026-09-29 20:40:54,153 [INFO]   SepsisGuard AI — Model Training and Comparison Pipeline
2026-09-29 20:40:54,153 [INFO] =================================================================
2026-09-29 20:40:54,154 [INFO] Generating synthetic demo dataset (no processed parquet found).
2026-09-29 20:40:56,472 [INFO]   Generated 13299 rows | 427 positive (3.2%) | 300 patients
2026-09-29 20:40:56,497 [INFO] Feature set: 31 features — ['hr_curr', 'map_curr', 'rr_curr', 'spo2_curr', 'temp_curr', 'hr_mean_4h', 'hr_std_4h', 'hr_min_4h', 'hr_max_4h', 'map_mean_4h', 'map_std_4h', 'map_min_4h', 'rr_mean_4h', 'temp_mean_4h', 'hr_delta_1h', 'hr_delta_4h', 'hr_slope_4h', 'map_delta_1h', 'map_delta_4h', 'map_slope_4h', 'rr_delta_1h', 'temp_delta_1h', 'hr_accel', 'shock_index', 'resp_distress_idx', 'fever_response_idx', 'lactate_missing', 'time_since_lactate', 'qsofa_curr', 'map_time_low_4h', 'icu_hour']
2026-09-29 20:40:56,516 [INFO] Split — Train: 9609 rows / 210 pts | Val: 1851 rows / 45 pts | Test: 1839 rows / 45 pts
2026-09-29 20:40:56,518 [INFO]   Prevalence — Train: 3.1% | Val: 3.4% | Test: 3.4%
2026-09-29 20:40:56,544 [INFO] Scaler fit on 9609.0 TRAIN rows only (Audit 4 passed)
2026-09-29 20:40:56,545 [INFO] scale_pos_weight = 9308/301 = 30.92  (Audit 5: TRAIN only)
2026-09-29 20:40:56,545 [INFO] Training Logistic Regression...
2026-09-29 20:41:02,685 [INFO]   Best C=13.7382  CV AUROC=0.9983
2026-09-29 20:41:02,708 [INFO] Training XGBoost...
2026-09-29 20:41:24,945 [INFO]   CV AUROC=0.9940  params={'subsample': 0.75, 'reg_lambda': 1, 'reg_alpha': 1.0, 'min_child_weight': 3, 'max_depth': 3, 'learning_rate': 0.1, 'gamma': 0.5, 'colsample_bytree': 1.0}
2026-09-29 20:41:25,238 [INFO]   Best iteration=106  val_score=0.9307
2026-09-29 20:41:25,258 [INFO] Training LightGBM...
2026-09-29 20:41:54,226 [INFO]   CV AUROC=0.9928  params={'subsample': 0.9, 'reg_lambda': 0, 'reg_alpha': 0, 'num_leaves': 15, 'min_child_samples': 10, 'max_depth': 5, 'learning_rate': 0.2, 'colsample_bytree': 0.7}
2026-09-29 20:41:54,353 [INFO]   Best iteration=67
2026-09-29 20:41:54,372 [INFO] 
--- Feature Importance ---
2026-09-29 20:41:56,537 [INFO]   Saved feature importance: model\feat_imp_XGBoost.png
2026-09-29 20:41:56,540 [INFO]   Top-5 [XGBoost]: ['hr_delta_4h', 'temp_curr', 'map_delta_4h', 'temp_delta_1h', 'resp_distress_idx']
2026-09-29 20:41:57,067 [INFO]   Saved feature importance: model\feat_imp_LightGBM.png
2026-09-29 20:41:57,070 [INFO]   Top-5 [LightGBM]: ['temp_curr', 'temp_mean_4h', 'hr_std_4h', 'hr_delta_4h', 'map_delta_4h']
2026-09-29 20:41:57,070 [INFO] 
--- Test Set Evaluation (FINAL) ---
2026-09-29 20:41:57,115 [INFO] [Logistic Regression] AUROC=0.9990  AUPRC=0.9729  Brier=0.0049  Sens=0.968  Spec=0.994  PPV=0.847  NPV=0.999  AlertRate=0.039  FalseAlert%=0.6
2026-09-29 20:41:57,151 [INFO] [XGBoost] AUROC=0.9976  AUPRC=0.9474  Brier=0.0070  Sens=0.873  Spec=0.994  PPV=0.846  NPV=0.995  AlertRate=0.035  FalseAlert%=0.6
2026-09-29 20:41:57,173 [INFO] [LightGBM] AUROC=0.9977  AUPRC=0.9498  Brier=0.0075  Sens=0.857  Spec=0.996  PPV=0.885  NPV=0.995  AlertRate=0.033  FalseAlert%=0.4
2026-09-29 20:41:57,174 [INFO] 
--- Generating Plots ---
2026-09-29 20:41:57,732 [INFO] ROC/PR curves saved: model\roc_pr_curves.png
2026-09-29 20:41:58,090 [INFO] Calibration plot saved: model\calibration_plot.png
2026-09-29 20:41:58,123 [INFO] 
Model Comparison:
                      AUROC   AUPRC  Sensitivity  Specificity    PPV    NPV  Brier Score                  Calibration  Train Time (s)  CV AUROC  Alert Rate  False Alert %                                     Interpretability              Imbalance
Model                                                                                                                                                                                                                                                 
Logistic Regression  0.9990  0.9729        0.968        0.994  0.847  0.999       0.0049  Sigmoid/Platt (val holdout)             6.2    0.9983       0.039            0.6    High  — global coefficients, monotone, GDPR-ready  class_weight=balanced
XGBoost              0.9976  0.9474        0.873        0.994  0.846  0.995       0.0070  Sigmoid/Platt (val holdout)            22.5    0.9940       0.035            0.6  Medium — SHAP explanations available per prediction  scale_pos_weight=30.9
LightGBM             0.9977  0.9498        0.857        0.996  0.885  0.995       0.0075  Sigmoid/Platt (val holdout)            29.1    0.9928       0.033            0.4  Medium — SHAP explanations available per prediction  class_weight=balanced
2026-09-29 20:41:58,123 [INFO] Comparison table saved: model\model_comparison.csv
2026-09-29 20:41:58,123 [INFO] 
--- Primary Model Selection ---
2026-09-29 20:41:58,131 [INFO] Primary model selected: Logistic Regression  (composite rank=6.0)
2026-09-29 20:41:58,131 [INFO] 
=================================================================
2026-09-29 20:41:58,131 [INFO]   PRIMARY MODEL: Logistic Regression
2026-09-29 20:41:58,132 [INFO] =================================================================
2026-09-29 20:41:58,169 [INFO] Decision record saved: model\model_selection_decision.json
2026-09-29 20:41:58,169 [INFO] Pipeline complete.
2026-09-29 22:09:00,213 [INFO] =================================================================
2026-09-29 22:09:00,214 [INFO]   SepsisGuard AI — Model Training and Comparison Pipeline
2026-09-29 22:09:00,215 [INFO] =================================================================
2026-09-29 22:09:00,217 [INFO] Generating synthetic demo dataset (no processed parquet found).
2026-09-29 22:09:02,086 [INFO]   Generated 13299 rows | 427 positive (3.2%) | 300 patients
2026-09-29 22:09:02,103 [INFO] Feature set: 31 features — ['hr_curr', 'map_curr', 'rr_curr', 'spo2_curr', 'temp_curr', 'hr_mean_4h', 'hr_std_4h', 'hr_min_4h', 'hr_max_4h', 'map_mean_4h', 'map_std_4h', 'map_min_4h', 'rr_mean_4h', 'temp_mean_4h', 'hr_delta_1h', 'hr_delta_4h', 'hr_slope_4h', 'map_delta_1h', 'map_delta_4h', 'map_slope_4h', 'rr_delta_1h', 'temp_delta_1h', 'hr_accel', 'shock_index', 'resp_distress_idx', 'fever_response_idx', 'lactate_missing', 'time_since_lactate', 'qsofa_curr', 'map_time_low_4h', 'icu_hour']
2026-09-29 22:09:02,116 [INFO] Split — Train: 9609 rows / 210 pts | Val: 1851 rows / 45 pts | Test: 1839 rows / 45 pts
2026-09-29 22:09:02,117 [INFO]   Prevalence — Train: 3.1% | Val: 3.4% | Test: 3.4%
2026-09-29 22:09:02,136 [INFO] Scaler fit on 9609.0 TRAIN rows only (Audit 4 passed)
2026-09-29 22:09:02,138 [INFO] scale_pos_weight = 9308/301 = 30.92  (Audit 5: TRAIN only)
2026-09-29 22:09:02,139 [INFO] Training Logistic Regression...
2026-09-29 22:09:14,530 [INFO]   Best C=13.7382  CV AUROC=0.9983
2026-09-29 22:09:14,550 [INFO] Training XGBoost...
2026-09-29 22:09:36,075 [INFO]   CV AUROC=0.9940  params={'subsample': 0.75, 'reg_lambda': 1, 'reg_alpha': 1.0, 'min_child_weight': 3, 'max_depth': 3, 'learning_rate': 0.1, 'gamma': 0.5, 'colsample_bytree': 1.0}
2026-09-29 22:09:36,393 [INFO]   Best iteration=106  val_score=0.9307
2026-09-29 22:09:36,414 [INFO] Training LightGBM...
2026-09-29 22:10:06,363 [INFO]   CV AUROC=0.9928  params={'subsample': 0.9, 'reg_lambda': 0, 'reg_alpha': 0, 'num_leaves': 15, 'min_child_samples': 10, 'max_depth': 5, 'learning_rate': 0.2, 'colsample_bytree': 0.7}
2026-09-29 22:10:06,481 [INFO]   Best iteration=67
2026-09-29 22:10:06,501 [INFO] 
--- Feature Importance ---
2026-09-29 22:10:07,144 [INFO]   Saved feature importance: model\feat_imp_XGBoost.png
2026-09-29 22:10:07,147 [INFO]   Top-5 [XGBoost]: ['hr_delta_4h', 'temp_curr', 'map_delta_4h', 'temp_delta_1h', 'resp_distress_idx']
2026-09-29 22:10:07,546 [INFO]   Saved feature importance: model\feat_imp_LightGBM.png
2026-09-29 22:10:07,549 [INFO]   Top-5 [LightGBM]: ['temp_curr', 'temp_mean_4h', 'hr_std_4h', 'hr_delta_4h', 'map_delta_4h']
2026-09-29 22:10:07,557 [INFO] [Logistic Regression validation] AUROC=0.9985  AUPRC=0.9632  Brier=0.0053  Sens=0.984  Spec=0.993  PPV=0.838  NPV=0.999  AlertRate=0.040  FalseAlert%=0.7
2026-09-29 22:10:07,570 [INFO] [XGBoost validation] AUROC=0.9955  AUPRC=0.9312  Brier=0.0070  Sens=0.921  Spec=0.993  PPV=0.829  NPV=0.997  AlertRate=0.038  FalseAlert%=0.7
2026-09-29 22:10:07,584 [INFO] [LightGBM validation] AUROC=0.9966  AUPRC=0.9389  Brier=0.0068  Sens=0.889  Spec=0.996  PPV=0.875  NPV=0.996  AlertRate=0.035  FalseAlert%=0.4
2026-09-29 22:10:07,593 [INFO] Primary model selected: Logistic Regression  (composite rank=6.0)
2026-09-29 22:10:07,594 [INFO] Primary model frozen from validation evidence before test evaluation: Logistic Regression
2026-09-29 22:10:07,594 [INFO] 
--- Test Set Evaluation (FINAL) ---
2026-09-29 22:10:07,601 [INFO] [Logistic Regression] AUROC=0.9990  AUPRC=0.9729  Brier=0.0049  Sens=0.968  Spec=0.994  PPV=0.847  NPV=0.999  AlertRate=0.039  FalseAlert%=0.6
2026-09-29 22:10:07,615 [INFO] [XGBoost] AUROC=0.9976  AUPRC=0.9474  Brier=0.0070  Sens=0.873  Spec=0.994  PPV=0.846  NPV=0.995  AlertRate=0.035  FalseAlert%=0.6
2026-09-29 22:10:07,629 [INFO] [LightGBM] AUROC=0.9977  AUPRC=0.9498  Brier=0.0075  Sens=0.857  Spec=0.996  PPV=0.885  NPV=0.995  AlertRate=0.033  FalseAlert%=0.4
2026-09-29 22:10:07,629 [INFO] 
--- Generating Plots ---
2026-09-29 22:10:08,140 [INFO] ROC/PR curves saved: model\roc_pr_curves.png
2026-09-29 22:10:08,451 [INFO] Calibration plot saved: model\calibration_plot.png
2026-09-29 22:10:08,483 [INFO] 
Model Comparison:
                      AUROC   AUPRC  Sensitivity  Specificity    PPV    NPV  Brier Score                  Calibration  Train Time (s)  CV AUROC  Alert Rate  False Alert %                                     Interpretability              Imbalance
Model                                                                                                                                                                                                                                                 
Logistic Regression  0.9990  0.9729        0.968        0.994  0.847  0.999       0.0049  Sigmoid/Platt (val holdout)            12.4    0.9983       0.039            0.6    High  — global coefficients, monotone, GDPR-ready  class_weight=balanced
XGBoost              0.9976  0.9474        0.873        0.994  0.846  0.995       0.0070  Sigmoid/Platt (val holdout)            21.9    0.9940       0.035            0.6  Medium — SHAP explanations available per prediction  scale_pos_weight=30.9
LightGBM             0.9977  0.9498        0.857        0.996  0.885  0.995       0.0075  Sigmoid/Platt (val holdout)            30.1    0.9928       0.033            0.4  Medium — SHAP explanations available per prediction  class_weight=balanced
2026-09-29 22:10:08,483 [INFO] Comparison table saved: model\model_comparison.csv
2026-09-29 22:10:08,483 [INFO] 
=================================================================
2026-09-29 22:10:08,484 [INFO]   PRIMARY MODEL: Logistic Regression
2026-09-29 22:10:08,484 [INFO] =================================================================
2026-09-29 22:10:08,511 [INFO] Decision record saved: model\model_selection_decision.json
2026-09-29 22:10:08,511 [INFO] Pipeline complete.
2026-09-29 22:23:15,993 [INFO] Generating synthetic demo dataset (no processed parquet found).
2026-09-29 22:23:17,476 [INFO]   Generated 13299 rows | 427 positive (3.2%) | 300 patients
2026-09-29 22:23:36,143 [INFO] Split — Train: 9609 rows / 210 pts | Val: 1851 rows / 45 pts | Test: 1839 rows / 45 pts
2026-09-29 22:23:36,144 [INFO]   Prevalence — Train: 3.1% | Val: 3.4% | Test: 3.4%
2026-09-29 22:23:36,152 [INFO] Training XGBoost...
2026-09-29 22:24:07,122 [INFO]   CV AUROC=0.9940  params={'subsample': 0.75, 'reg_lambda': 1, 'reg_alpha': 1.0, 'min_child_weight': 3, 'max_depth': 3, 'learning_rate': 0.1, 'gamma': 0.5, 'colsample_bytree': 1.0}
2026-09-29 22:24:07,401 [INFO]   Best iteration=106  val_score=0.9307
2026-09-29 22:24:07,438 [INFO] [XGBoost without personalized features validation] AUROC=0.9955  AUPRC=0.9312  Brier=0.0070  Sens=0.921  Spec=0.993  PPV=0.829  NPV=0.997  AlertRate=0.038  FalseAlert%=0.7
2026-09-29 22:24:07,449 [INFO] [XGBoost without personalized features] AUROC=0.9976  AUPRC=0.9474  Brier=0.0070  Sens=0.873  Spec=0.994  PPV=0.846  NPV=0.995  AlertRate=0.035  FalseAlert%=0.6
2026-09-29 22:24:07,462 [INFO] Training XGBoost...
2026-09-29 22:24:36,625 [INFO]   CV AUROC=0.9993  params={'subsample': 0.75, 'reg_lambda': 1.5, 'reg_alpha': 1.0, 'min_child_weight': 5, 'max_depth': 6, 'learning_rate': 0.1, 'gamma': 0, 'colsample_bytree': 0.5}
2026-09-29 22:24:37,026 [INFO]   Best iteration=27  val_score=0.9855
2026-09-29 22:24:37,062 [INFO] [XGBoost with personalized features validation] AUROC=0.9992  AUPRC=0.9856  Brier=0.0035  Sens=0.952  Spec=0.996  PPV=0.896  NPV=0.998  AlertRate=0.036  FalseAlert%=0.4
2026-09-29 22:24:37,076 [INFO] [XGBoost with personalized features] AUROC=0.9993  AUPRC=0.9810  Brier=0.0038  Sens=0.968  Spec=0.995  PPV=0.884  NPV=0.999  AlertRate=0.038  FalseAlert%=0.5
2026-09-29 22:47:19,884 [INFO] Generating synthetic demo dataset (no processed parquet found).
2026-09-29 22:47:21,240 [INFO]   Generated 13299 rows | 427 positive (3.2%) | 300 patients
